 num     #instances         #bytes  class name (module)
-------------------------------------------------------
   1:       1508398      172340648  [B (java.base@17.0.6)
   2:        266460       74656872  [I (java.base@17.0.6)
   3:       1499120       35978880  java.lang.String (java.base@17.0.6)
   4:        785014       25120448  com.intellij.openapi.vfs.newvfs.impl.VirtualFileImpl
   5:        159247       19136936  [Ljava.lang.Object; (java.base@17.0.6)
   6:        555507       17776224  java.util.HashMap$Node (java.base@17.0.6)
   7:        460975       14751200  com.intellij.concurrency.ConcurrentIntObjectHashMap$Node
   8:        224529       14369856  com.intellij.util.indexing.events.DeletedVirtualFileStub
   9:        318927       12757080  com.intellij.util.lang.ImmutableZipEntry
  10:         85566       10199704  java.lang.Class (java.base@17.0.6)
  11:        372751        8946024  com.intellij.util.containers.SimpleEntry
  12:        357368        8576832  com.intellij.openapi.vcs.LocalFilePath
  13:            58        7362400  [Lcom.intellij.concurrency.ConcurrentIntObjectHashMap$Node;
  14:          3522        6288432  [J (java.base@17.0.6)
  15:         29258        5674448  [Ljava.util.HashMap$Node; (java.base@17.0.6)
  16:        233616        5606784  com.intellij.util.indexing.events.VfsEventsMerger$ChangeInfo
  17:        126605        5064200  com.intellij.openapi.vfs.newvfs.impl.VirtualDirectoryImpl
  18:        144035        4609120  com.intellij.openapi.vfs.newvfs.impl.VfsData$DirectoryData
  19:           448        3834736  [Lcom.intellij.util.lang.ImmutableZipEntry;
  20:        118953        3806496  java.util.concurrent.ConcurrentHashMap$Node (java.base@17.0.6)
  21:         72845        2913800  java.util.LinkedHashMap$Entry (java.base@17.0.6)
  22:          1646        2711552  [C (java.base@17.0.6)
  23:         60032        1921024  com.intellij.util.containers.IntObjectLRUMap$MapEntry
  24:          2185        1780528  [Ljava.util.concurrent.ConcurrentHashMap$Node; (java.base@17.0.6)
  25:         55709        1337016  java.util.ArrayList (java.base@17.0.6)
  26:         55031        1320744  com.google.common.collect.ImmutableMapEntry
  27:         37539        1201248  com.android.resources.base.BasicValueResourceItem
  28:         28823        1152920  com.android.ide.common.rendering.api.StyleItemResourceValueImpl
  29:         22845        1096560  java.lang.invoke.MemberName (java.base@17.0.6)
  30:         11140         980320  java.lang.reflect.Method (java.base@17.0.6)
  31:         28873         923936  java.util.Hashtable$Entry (java.base@17.0.6)
  32:         19123         917904  java.util.HashMap (java.base@17.0.6)
  33:         54410         870560  java.lang.Object (java.base@17.0.6)
  34:         53558         856928  java.util.concurrent.atomic.AtomicReference (java.base@17.0.6)
  35:         14383         805448  java.util.LinkedHashMap (java.base@17.0.6)
  36:         17154         686160  java.lang.ref.SoftReference (java.base@17.0.6)
  37:         16943         677720  java.lang.invoke.MethodType (java.base@17.0.6)
  38:          9366         674352  java.lang.reflect.Field (java.base@17.0.6)
  39:         20912         669184  com.android.zipflinger.Location
  40:         41611         665776  com.google.common.collect.SingletonImmutableList
  41:         27574         661776  com.android.ide.common.rendering.api.ResourceReference
  42:         26608         638592  com.google.common.collect.ImmutableMapEntry$NonTerminalImmutableMapEntry
  43:         14995         628456  [Ljava.lang.String; (java.base@17.0.6)
  44:         18696         598272  com.android.resources.base.BasicDensityBasedFileResourceItem
  45:         10454         585424  com.android.zipflinger.Entry
  46:         22072         579384  [Ljava.lang.Class; (java.base@17.0.6)
  47:         16952         542464  java.lang.invoke.MethodType$ConcurrentWeakInternSet$WeakEntry (java.base@17.0.6)
  48:          7967         509888  it.unimi.dsi.fastutil.objects.Object2ObjectOpenHashMap
  49:          7867         503488  java.util.concurrent.ConcurrentHashMap (java.base@17.0.6)
  50:         12439         497560  com.intellij.util.containers.ConcurrentWeakKeySoftValueHashMap$WeakKey
  51:         15046         481472  org.intellij.markdown.ast.LeafASTNode
  52:          7153         457792  java.nio.DirectByteBuffer (java.base@17.0.6)
  53:          4365         449864  [Lcom.google.common.collect.ImmutableMapEntry;
  54:          6931         443584  it.unimi.dsi.fastutil.ints.Int2ObjectOpenHashMap
  55:          3808         415032  [D (java.base@17.0.6)
  56:         12856         411392  com.intellij.util.xml.dom.XmlElement
  57:         12700         406400  java.lang.ref.WeakReference (java.base@17.0.6)
  58:          4314         397056  [Ljava.util.Map$Entry; (java.base@17.0.6)
  59:         12405         396960  com.intellij.util.containers.ConcurrentWeakKeyWeakValueHashMap$WeakValue
  60:          9854         394160  java.util.EnumMap (java.base@17.0.6)
  61:          9784         391360  com.intellij.workspaceModel.storage.impl.url.VirtualFileUrlManagerImpl$FilePathNode
  62:          9726         389040  org.jetbrains.plugins.textmate.language.syntax.SyntaxNodeDescriptorImpl
  63:            33         388624  [Lcom.intellij.util.containers.IntObjectLRUMap$MapEntry;
  64:         15979         383496  java.lang.invoke.ResolvedMethodName (java.base@17.0.6)
  65:          7789         373872  com.android.resources.base.BasicAttrResourceItem
  66:          9323         372920  kotlin.reflect.jvm.internal.impl.protobuf.SmallSortedMap$1
  67:          9268         370720  com.intellij.openapi.extensions.ExtensionDescriptor
  68:          8167         326680  com.intellij.workspaceModel.ide.impl.VirtualFileUrlBridge
  69:         13498         323952  com.intellij.util.SmartList
  70:         13205         316920  com.intellij.util.text.ImmutableText$CompositeNode
  71:          6555         314640  com.google.common.collect.SingletonImmutableBiMap
  72:         12835         308040  kotlin.Pair
  73:          7429         297160  jdk.internal.ref.Cleaner (java.base@17.0.6)
  74:          3359         295592  kotlin.reflect.jvm.internal.impl.metadata.ProtoBuf$Type
  75:          1755         295176  [Ljava.util.Hashtable$Entry; (java.base@17.0.6)
  76:           137         293848  [[Lcom.intellij.util.lang.Loader;
  77:         18202         291232  java.lang.Integer (java.base@17.0.6)
  78:          8795         281440  java.lang.invoke.DirectMethodHandle (java.base@17.0.6)
  79:          7011         280440  com.android.resources.base.BasicStyleResourceItem
  80:          6951         278040  com.intellij.util.io.DirectBufferWrapper
  81:          3858         277776  java.lang.reflect.Constructor (java.base@17.0.6)
  82:          6861         274440  com.intellij.util.containers.hash.LongLinkedHashMap$Entry
  83:          6641         265640  java.util.WeakHashMap$Entry (java.base@17.0.6)
  84:          6464         258560  java.util.Collections$SingletonMap (java.base@17.0.6)
  85:          5224         250752  com.intellij.openapi.extensions.impl.XmlExtensionAdapter
  86:          6263         250520  com.intellij.codeInspection.ex.ScopeToolState
  87:          1678         241512  [Ljava.lang.ClassValue$Entry; (java.base@17.0.6)
  88:         10002         240048  java.util.Collections$UnmodifiableRandomAccessList (java.base@17.0.6)
  89:          7439         238048  com.intellij.concurrency.ConcurrentHashMap$Node
  90:          4915         235920  com.intellij.openapi.extensions.impl.XmlExtensionAdapter$SimpleConstructorInjectionAdapter
  91:          7123         227936  java.nio.DirectByteBuffer$Deallocator (java.base@17.0.6)
  92:          2339         224544  kotlin.reflect.jvm.internal.impl.metadata.ProtoBuf$Function
  93:          2523         224192  [Ljava.util.WeakHashMap$Entry; (java.base@17.0.6)
  94:          4665         223920  com.intellij.ui.JBColor
  95:          9323         223752  kotlin.reflect.jvm.internal.impl.protobuf.FieldSet
  96:          5580         223200  java.lang.invoke.DirectMethodHandle$Constructor (java.base@17.0.6)
  97:          5561         222440  java.util.TreeMap$Entry (java.base@17.0.6)
  98:           392         206976  [Ljava.util.concurrent.atomic.AtomicReference; (java.base@17.0.6)
  99:          5155         206200  org.jdom.ContentList
 100:          3664         205184  com.intellij.openapi.actionSystem.Presentation
 101:          3186         203904  com.esotericsoftware.kryo.serializers.UnsafeCacheFields$UnsafeObjectField
[...]
Total       9380408      536163416
